RUNTIME ERROR: Assertion failed. 1 != 2
	builtin:assertEqual:5:9-51	function <anonymous>
	error.sanity.jsonnet:17:1-21	
