RUNTIME ERROR: Couldn't open import "recursive_import.jsonnet": No such file or directory
	error.recursive_import.jsonnet:17:13-45	
